Copyright 1986-2017 Xilinx, Inc. All Rights Reserved.
-------------------------------------------------------------------------------------
| Tool Version : Vivado v.2017.1 (lin64) Build 1846317 Fri Apr 14 18:54:47 MDT 2017
| Date         : Wed Mar 28 16:01:48 2018
| Host         : pedro-H170-Gaming-3 running 64-bit Ubuntu 16.04.3 LTS
| Command      : report_control_sets -verbose -file fxpnahid_control_sets_placed.rpt
| Design       : fxpnahid
| Device       : xc7a100t
-------------------------------------------------------------------------------------

Control Set Information

Table of Contents
-----------------
1. Summary
2. Flip-Flop Distribution
3. Detailed Control Set Information

1. Summary
----------

+----------------------------------------------------------+-------+
|                          Status                          | Count |
+----------------------------------------------------------+-------+
| Number of unique control sets                            |    74 |
| Unused register locations in slices containing registers |   166 |
+----------------------------------------------------------+-------+


2. Flip-Flop Distribution
-------------------------

+--------------+-----------------------+------------------------+-----------------+--------------+
| Clock Enable | Synchronous Set/Reset | Asynchronous Set/Reset | Total Registers | Total Slices |
+--------------+-----------------------+------------------------+-----------------+--------------+
| No           | No                    | No                     |             296 |          101 |
| No           | No                    | Yes                    |               0 |            0 |
| No           | Yes                   | No                     |             155 |           65 |
| Yes          | No                    | No                     |            2067 |          552 |
| Yes          | No                    | Yes                    |               0 |            0 |
| Yes          | Yes                   | No                     |             308 |           88 |
+--------------+-----------------------+------------------------+-----------------+--------------+


3. Detailed Control Set Information
-----------------------------------

+--------------+----------------------------------------------------------------------------------------------------------------+--------------------------------------------------------------------------------------------------------------------------------------------------------------------------------------+------------------+----------------+
| Clock Signal |                                                  Enable Signal                                                 |                                                                                   Set/Reset Signal                                                                                   | Slice Load Count | Bel Load Count |
+--------------+----------------------------------------------------------------------------------------------------------------+--------------------------------------------------------------------------------------------------------------------------------------------------------------------------------------+------------------+----------------+
|  ap_clk      | x3_channel_U/mOutPtr[3]_i_1__3_n_2                                                                             | ap_rst                                                                                                                                                                               |                1 |              4 |
|  ap_clk      | fxp_sqrt_U0/ap_CS_fsm_state3                                                                                   |                                                                                                                                                                                      |                1 |              4 |
|  ap_clk      | fxp_sqrt_U0/op2_assign_reg_318[3]_i_1__0_n_2                                                                   |                                                                                                                                                                                      |                1 |              4 |
|  ap_clk      | fxp_sqrt41_U0/ap_CS_fsm_state3                                                                                 |                                                                                                                                                                                      |                1 |              4 |
|  ap_clk      | y1_channel_U/mOutPtr[3]_i_1__2_n_2                                                                             | ap_rst                                                                                                                                                                               |                2 |              4 |
|  ap_clk      | x2_channel_U/mOutPtr[3]_i_1_n_2                                                                                | ap_rst                                                                                                                                                                               |                2 |              4 |
|  ap_clk      | fxp_sqrt41_U0/op2_assign_reg_318[3]_i_1_n_2                                                                    |                                                                                                                                                                                      |                1 |              4 |
|  ap_clk      | y3_channel_U/mOutPtr[3]_i_1__4_n_2                                                                             | ap_rst                                                                                                                                                                               |                2 |              4 |
|  ap_clk      | y2_channel_U/mOutPtr[3]_i_1__1_n_2                                                                             | ap_rst                                                                                                                                                                               |                2 |              4 |
|  ap_clk      | Mx_loc_channel_U/mOutPtr[3]_i_1__5_n_2                                                                         | ap_rst                                                                                                                                                                               |                2 |              4 |
|  ap_clk      | My_loc_channel_U/mOutPtr[3]_i_1__6_n_2                                                                         | ap_rst                                                                                                                                                                               |                2 |              4 |
|  ap_clk      | x1_channel_U/mOutPtr[3]_i_1__0_n_2                                                                             | ap_rst                                                                                                                                                                               |                2 |              4 |
|  ap_clk      | fxp_sqrt41_U0/shiftReg_ce                                                                                      |                                                                                                                                                                                      |                2 |             11 |
|  ap_clk      | fxp_sqrt_U0/shiftReg_ce                                                                                        |                                                                                                                                                                                      |                2 |             11 |
|  ap_clk      | Vx_channel_U/ap_return_preg_reg[10]                                                                            | ap_rst                                                                                                                                                                               |                4 |             12 |
|  ap_clk      | VxFxp_V_U/U_fifo_w22_d2_A_ram/shiftReg_ce                                                                      |                                                                                                                                                                                      |                2 |             12 |
|  ap_clk      | Block_ZNK13ap_fixed_2_U0/shiftReg_ce                                                                           |                                                                                                                                                                                      |                2 |             12 |
|  ap_clk      | VyFxp_V_1_loc_channe_U/U_fifo_w22_d2_A_ram/shiftReg_ce                                                         |                                                                                                                                                                                      |                2 |             12 |
|  ap_clk      | p_hls_fptoui_double_U0/shiftReg_ce                                                                             |                                                                                                                                                                                      |                2 |             12 |
|  ap_clk      | fxp_sqrt_U0/ap_NS_fsm1                                                                                         |                                                                                                                                                                                      |                4 |             12 |
|  ap_clk      | fxp_sqrt_U0/p_2_reg_86[11]_i_1__0_n_2                                                                          |                                                                                                                                                                                      |                4 |             12 |
|  ap_clk      | fxp_sqrt41_U0/ap_NS_fsm10_out                                                                                  |                                                                                                                                                                                      |                3 |             12 |
|  ap_clk      | p_hls_fptoui_double_U0/ap_CS_fsm_state2                                                                        |                                                                                                                                                                                      |                4 |             12 |
|  ap_clk      | p_hls_fptoui_double_1_U0/shiftReg_ce                                                                           |                                                                                                                                                                                      |                2 |             12 |
|  ap_clk      | fxp_sqrt41_U0/ap_NS_fsm1                                                                                       |                                                                                                                                                                                      |                4 |             12 |
|  ap_clk      | fxp_sqrt_U0/ap_NS_fsm10_out                                                                                    |                                                                                                                                                                                      |                3 |             12 |
|  ap_clk      | fxp_sqrt41_U0/p_2_reg_86[11]_i_1_n_2                                                                           |                                                                                                                                                                                      |                4 |             12 |
|  ap_clk      | p_hls_fptoui_double_1_U0/ap_CS_fsm_state2                                                                      |                                                                                                                                                                                      |                6 |             12 |
|  ap_clk      | My_loc_channel_U/U_fifo_w15_d7_A_ram/shiftReg_ce                                                               |                                                                                                                                                                                      |                2 |             15 |
|  ap_clk      | Mx_loc_channel_U/U_fifo_w15_d5_A_ram/shiftReg_ce                                                               |                                                                                                                                                                                      |                2 |             15 |
|  ap_clk      | x2_channel_U/U_fifo_w16_d7_A_ram/shiftReg_ce                                                                   |                                                                                                                                                                                      |                2 |             16 |
|  ap_clk      | y2_channel_U/U_fifo_w16_d7_A_ram/shiftReg_ce                                                                   |                                                                                                                                                                                      |                2 |             16 |
|  ap_clk      | y3_channel_U/U_fifo_w16_d7_A_ram/shiftReg_ce                                                                   |                                                                                                                                                                                      |                2 |             16 |
|  ap_clk      | x3_channel_U/U_fifo_w16_d7_A_ram/shiftReg_ce                                                                   |                                                                                                                                                                                      |                2 |             16 |
|  ap_clk      | fxp_sqrt41_U0/ap_CS_fsm_state5                                                                                 | fxp_sqrt41_U0/i_reg_96[3]_i_1_n_2                                                                                                                                                    |                6 |             16 |
|  ap_clk      | y1_channel_U/U_fifo_w16_d7_A_ram/shiftReg_ce                                                                   |                                                                                                                                                                                      |                2 |             16 |
|  ap_clk      | fxp_sqrt_U0/ap_CS_fsm_state5                                                                                   | fxp_sqrt_U0/i_reg_96[3]_i_1__0_n_2                                                                                                                                                   |                5 |             16 |
|  ap_clk      | x1_channel_U/U_fifo_w16_d7_A_ram/shiftReg_ce                                                                   |                                                                                                                                                                                      |                2 |             16 |
|  ap_clk      | tmp_25_loc_channel_U/U_fifo_w16_d2_A_ram/shiftReg_ce                                                           |                                                                                                                                                                                      |                2 |             16 |
|  ap_clk      | Block_ZNK13ap_fixed_1_U0/ap_CS_fsm_state2                                                                      |                                                                                                                                                                                      |                4 |             16 |
|  ap_clk      | abs_long_U0/fxpnahid_sitodp_6fYi_x_U28/fxpnahid_ap_sitodp_7_no_dsp_64_u_i_1__0_n_2                             | abs_long_U0/fxpnahid_sitodp_6fYi_x_U28/fxpnahid_ap_sitodp_7_no_dsp_64_u/U0/i_synth/FIX_TO_FLT_OP.SPD.OP/NORM_SHIFT/MUX_LOOP[0].DEL_SHIFT/i_pipe/opt_has_pipe.first_q[47]_i_1__0_n_2  |                4 |             16 |
|  ap_clk      | abs_long_U0/fxpnahid_sitodp_6fYi_x_U28/fxpnahid_ap_sitodp_7_no_dsp_64_u_i_1__0_n_2                             | abs_long_U0/fxpnahid_sitodp_6fYi_x_U28/fxpnahid_ap_sitodp_7_no_dsp_64_u/U0/i_synth/FIX_TO_FLT_OP.SPD.OP/LZE/ZERO_DET_CC_1/opt_has_pipe.first_q_reg[48]                               |                2 |             16 |
|  ap_clk      | Block_ZNK13ap_fixed_2_U0/ap_CS_fsm_state2                                                                      |                                                                                                                                                                                      |                4 |             16 |
|  ap_clk      | abs_long_39_U0/fxpnahid_sitodp_6fYi_U23/fxpnahid_ap_sitodp_7_no_dsp_64_u_i_1_n_2                               | abs_long_39_U0/fxpnahid_sitodp_6fYi_U23/fxpnahid_ap_sitodp_7_no_dsp_64_u/U0/i_synth/FIX_TO_FLT_OP.SPD.OP/LZE/ZERO_DET_CC_1/opt_has_pipe.first_q_reg[48]                              |                4 |             16 |
|  ap_clk      | abs_long_39_U0/fxpnahid_sitodp_6fYi_U23/fxpnahid_ap_sitodp_7_no_dsp_64_u_i_1_n_2                               | abs_long_39_U0/fxpnahid_sitodp_6fYi_U23/fxpnahid_ap_sitodp_7_no_dsp_64_u/U0/i_synth/FIX_TO_FLT_OP.SPD.OP/NORM_SHIFT/MUX_LOOP[0].DEL_SHIFT/i_pipe/opt_has_pipe.first_q[47]_i_1__0_n_2 |                4 |             16 |
|  ap_clk      | Block_ZNK13ap_fixed_1_U0/ap_CS_fsm_state41                                                                     |                                                                                                                                                                                      |                6 |             19 |
|  ap_clk      | Block_ZNK13ap_fixed_1_U0/ap_CS_fsm_state40                                                                     |                                                                                                                                                                                      |                5 |             20 |
|  ap_clk      | Block_ZNK13ap_fixed_2_U0/Block_ZNK13ap_fixed_2_U0_VyFxp_V_1_loc_read                                           |                                                                                                                                                                                      |                4 |             27 |
|  ap_clk      | Block_ZNK13ap_fixed_1_U0/ap_CS_fsm_state4                                                                      |                                                                                                                                                                                      |                6 |             32 |
|  ap_clk      | Block_ZNK13ap_fixed_U0/ap_NS_fsm1                                                                              |                                                                                                                                                                                      |                8 |             32 |
|  ap_clk      | Block_ZNK13ap_fixed_U0/shiftReg_ce                                                                             |                                                                                                                                                                                      |                5 |             33 |
|  ap_clk      | Block_ZNK13ap_fixed_U0/shiftReg_ce_0                                                                           |                                                                                                                                                                                      |                5 |             33 |
|  ap_clk      | Block_ZNK13ap_fixed_1_U0/ap_CS_fsm_state3                                                                      |                                                                                                                                                                                      |               10 |             34 |
|  ap_clk      | fxp_sqrt_U0/ap_CS_fsm_state4                                                                                   |                                                                                                                                                                                      |               12 |             40 |
|  ap_clk      | fxp_sqrt41_U0/ap_CS_fsm_state4                                                                                 |                                                                                                                                                                                      |               12 |             40 |
|  ap_clk      | abs_long_U0/fxpnahid_sitodp_6fYi_x_U28/fxpnahid_ap_sitodp_7_no_dsp_64_u_i_1__0_n_2                             | abs_long_U0/fxpnahid_sitodp_6fYi_x_U28/fxpnahid_ap_sitodp_7_no_dsp_64_u/U0/i_synth/FIX_TO_FLT_OP.SPD.OP/EXP/ZERO_DELAY/i_pipe/SR[0]                                                  |               13 |             51 |
|  ap_clk      | abs_long_39_U0/fxpnahid_sitodp_6fYi_U23/fxpnahid_ap_sitodp_7_no_dsp_64_u_i_1_n_2                               | abs_long_39_U0/fxpnahid_sitodp_6fYi_U23/fxpnahid_ap_sitodp_7_no_dsp_64_u/U0/i_synth/FIX_TO_FLT_OP.SPD.OP/EXP/ZERO_DELAY/i_pipe/SR[0]                                                 |               13 |             51 |
|  ap_clk      | Block_ZNK13ap_fixed_1_U0/fxpnahid_udiv_28ng8j_U44/fxpnahid_udiv_28ng8j_div_U/fxpnahid_udiv_28ng8j_div_u_0/E[0] |                                                                                                                                                                                      |               13 |             60 |
|  ap_clk      | Block_ZNK13ap_fixed_1_U0/ap_CS_fsm_state39                                                                     |                                                                                                                                                                                      |               11 |             60 |
|  ap_clk      | abs_long_39_U0/shiftReg_ce                                                                                     |                                                                                                                                                                                      |                9 |             63 |
|  ap_clk      | abs_long_U0/shiftReg_ce                                                                                        |                                                                                                                                                                                      |                9 |             63 |
|  ap_clk      | Block_ZNK13ap_fixed_U0/Q[2]                                                                                    | ap_rst                                                                                                                                                                               |               18 |             66 |
|  ap_clk      | Block_ZNK13ap_fixed_1_U0/fxpnahid_udiv_28ng8j_U42/fxpnahid_udiv_28ng8j_div_U/E[0]                              |                                                                                                                                                                                      |               28 |             72 |
|  ap_clk      | Block_ZNK13ap_fixed_1_U0/ap_CS_fsm_state7                                                                      |                                                                                                                                                                                      |               17 |             72 |
|  ap_clk      | p_hls_fptoui_double_1_U0/ap_NS_fsm1                                                                            |                                                                                                                                                                                      |               14 |             74 |
|  ap_clk      | p_hls_fptoui_double_U0/ap_NS_fsm1                                                                              |                                                                                                                                                                                      |               16 |             74 |
|  ap_clk      | Block_ZNK13ap_fixed_U0/Q[0]                                                                                    |                                                                                                                                                                                      |               30 |             90 |
|  ap_clk      | Block_ZNK13ap_fixed_1_U0/ap_CS_fsm_state6                                                                      |                                                                                                                                                                                      |               36 |            117 |
|  ap_clk      | Block_ZNK13ap_fixed_1_U0/Block_ZNK13ap_fixed_1_U0_tmp_25_loc_read                                              |                                                                                                                                                                                      |               16 |            127 |
|  ap_clk      | Block_ZNK13ap_fixed_1_U0/ap_CS_fsm_state5                                                                      |                                                                                                                                                                                      |               45 |            153 |
|  ap_clk      |                                                                                                                | ap_rst                                                                                                                                                                               |               65 |            155 |
|  ap_clk      |                                                                                                                |                                                                                                                                                                                      |              102 |            297 |
|  ap_clk      | abs_long_39_U0/fxpnahid_sitodp_6fYi_U23/fxpnahid_ap_sitodp_7_no_dsp_64_u_i_1_n_2                               |                                                                                                                                                                                      |              115 |            393 |
|  ap_clk      | abs_long_U0/fxpnahid_sitodp_6fYi_x_U28/fxpnahid_ap_sitodp_7_no_dsp_64_u_i_1__0_n_2                             |                                                                                                                                                                                      |              108 |            393 |
+--------------+----------------------------------------------------------------------------------------------------------------+--------------------------------------------------------------------------------------------------------------------------------------------------------------------------------------+------------------+----------------+


+--------+-----------------------+
| Fanout | Number of ControlSets |
+--------+-----------------------+
| 4      |                    12 |
| 11     |                     2 |
| 12     |                    14 |
| 15     |                     2 |
| 16+    |                    44 |
+--------+-----------------------+


